[2026-04-01 15:29:28] [ERR_69cd2bc8e826b] Class "LtResponse" not found on line 44 /home4/uxdri30e/public_html/abaj/includes/connect2db.php(44) : eval()'d code(88) : eval()'d code(464) : eval()'d code
[2026-04-01 15:38:40] [ERR_69cd2df0e007c] Class "Lt\Modules\MdCardDesign\Controllers\LtRoute" not found on line 10 /home4/uxdri30e/public_html/abaj/packages/modules/MdCardDesign/Services/MdCardDesignRoutes.php
[2026-04-01 15:38:58] [ERR_69cd2e0284352] Class "Lt\Modules\MdCardDesign\Controllers\LtRoute" not found on line 10 /home4/uxdri30e/public_html/abaj/packages/modules/MdCardDesign/Services/MdCardDesignRoutes.php
[2026-04-01 15:39:23] [ERR_69cd2e1bed445] array_slice(): Argument #1 ($array) must be of type array, false given on line 152 /home4/uxdri30e/public_html/abaj/packages/modules/MdLt/Controllers/TbFileManagementController.php
[2026-04-01 15:39:24] [ERR_69cd2e1c0faa9] array_slice(): Argument #1 ($array) must be of type array, false given on line 152 /home4/uxdri30e/public_html/abaj/packages/modules/MdLt/Controllers/TbFileManagementController.php
[2026-04-01 15:41:40] [ERR_69cd2ea47fd7c] Class "Lt\Modules\MdCardDesign\Controllers\LtRoute" not found on line 10 /home4/uxdri30e/public_html/abaj/packages/modules/MdCardDesign/Services/MdCardDesignRoutes.php
[2026-04-01 16:00:02] [ERR_69cd32f258c39] Class "Lt\Modules\MdCardDesign\Controllers\LtRoute" not found on line 10 /home4/uxdri30e/public_html/abaj/packages/modules/MdCardDesign/Services/MdCardDesignRoutes.php
[2026-04-01 16:00:39] [ERR_69cd3317ef8aa] Class "Lt\Modules\MdCardDesign\Controllers\LtRoute" not found on line 10 /home4/uxdri30e/public_html/abaj/packages/modules/MdCardDesign/Services/MdCardDesignRoutes.php
[2026-04-01 16:01:47] [ERR_69cd335b68873] Class "Lt\Modules\MdCardDesign\Controllers\LtRoute" not found on line 10 /home4/uxdri30e/public_html/abaj/packages/modules/MdCardDesign/Services/MdCardDesignRoutes.php
[2026-04-01 16:01:59] [ERR_69cd336707655] Class "Lt\Modules\MdCardDesign\Controllers\LtRoute" not found on line 10 /home4/uxdri30e/public_html/abaj/packages/modules/MdCardDesign/Services/MdCardDesignRoutes.php
[2026-04-01 16:02:18] [ERR_69cd337a3ecb1] Class "Lt\Modules\MdCardDesign\Controllers\LtRoute" not found on line 6 /home4/uxdri30e/public_html/abaj/packages/modules/MdCardDesign/Services/MdCardDesignRoutes.php
[2026-04-01 16:03:30] [ERR_69cd33c29960b] Class "Lt\Modules\MdCardDesign\Services\LtRoute" not found on line 6 /home4/uxdri30e/public_html/abaj/packages/modules/MdCardDesign/Services/MdCardDesignRoutes.php
[2026-04-01 16:04:50] [ERR_69cd3412370da] Class "Lt\Modules\MdCardDesign\Services\LtRoute" not found on line 6 /home4/uxdri30e/public_html/abaj/packages/modules/MdCardDesign/Services/MdCardDesignRoutes.php
[2026-04-01 16:07:08] [ERR_69cd349c97a04] Class "Lt\Modules\MdCardDesign\Services\LtRoute" not found on line 5 /home4/uxdri30e/public_html/abaj/packages/modules/MdCardDesign/Services/MdCardDesignRoutes.php
[2026-04-01 16:08:07] [ERR_69cd34d71fccb] Class "Lt\Modules\MdLt\Controllers\LtRoute" not found on line 7 /home4/uxdri30e/public_html/abaj/packages/modules/MdCardDesign/Services/MdCardDesignRoutes.php
[2026-04-01 16:08:19] [ERR_69cd34e3e8fe2] Class "Lt\Modules\MdCardDesign\Controllers\LtRoute" not found on line 7 /home4/uxdri30e/public_html/abaj/packages/modules/MdCardDesign/Services/MdCardDesignRoutes.php
[2026-04-01 16:08:31] [ERR_69cd34efdeeb7] Class "Lt\Modules\MdLt\Controllers\LtRoute" not found on line 7 /home4/uxdri30e/public_html/abaj/packages/modules/MdCardDesign/Services/MdCardDesignRoutes.php
[2026-04-01 16:08:37] [ERR_69cd34f5d4c68] Class "Lt\Modules\MdCardDesign\Services\LtRoute" not found on line 7 /home4/uxdri30e/public_html/abaj/packages/modules/MdCardDesign/Services/MdCardDesignRoutes.php
[2026-04-01 16:08:52] [ERR_69cd3504eef5d] Class "Lt\Modules\MdCardDesign\Services\LtRoute" not found on line 7 /home4/uxdri30e/public_html/abaj/packages/modules/MdCardDesign/Services/MdCardDesignRoutes.php
[2026-04-01 16:09:01] [ERR_69cd350daca4b] Class "Lt\Modules\MdCardDesign\Services\LtRoute" not found on line 7 /home4/uxdri30e/public_html/abaj/packages/modules/MdCardDesign/Services/MdCardDesignRoutes.php
[2026-04-01 16:09:11] [ERR_69cd351787bee] Class "Lt\Modules\MdLt\Controllers\LtRoute" not found on line 8 /home4/uxdri30e/public_html/abaj/packages/modules/MdCardDesign/Services/MdCardDesignRoutes.php
[2026-04-01 16:10:07] [ERR_69cd354fde03f] Class "Lt\Modules\MdCardDesign\Services\LtRoute" not found on line 7 /home4/uxdri30e/public_html/abaj/packages/modules/MdCardDesign/Services/MdCardDesignRoutes.php
[2026-04-01 16:10:43] [ERR_69cd3573af78d] Class "Lt\Modules\MdCardDesign\Services\LtRoute" not found on line 7 /home4/uxdri30e/public_html/abaj/packages/modules/MdCardDesign/Services/MdCardDesignRoutes.php
[2026-04-01 16:10:53] [ERR_69cd357d97b61] Class "Lt\Modules\MdCardDesign\Services\LtRoute" not found on line 7 /home4/uxdri30e/public_html/abaj/packages/modules/MdCardDesign/Services/MdCardDesignRoutes.php
[2026-04-01 16:11:36] [ERR_69cd35a8c863b] Class "Lt\Modules\MdCardDesign\Services\LtRoute" not found on line 7 /home4/uxdri30e/public_html/abaj/packages/modules/MdCardDesign/Services/MdCardDesignRoutes.php
[2026-04-01 17:22:40] [ERR_69cd46500212c] Call to undefined method Lt\Modules\MdLt\Services\LtRoute::name() on line 6 /home4/uxdri30e/public_html/abaj/packages/modules/MdCardDesign/Services/MdCardDesignRoutes.php
[2026-04-01 17:24:50] [ERR_69cd46d2cb420] Class "LtRoute" not found on line 6 /home4/uxdri30e/public_html/abaj/packages/modules/MdCardDesign/Services/MdCardDesignRoutes.php
[2026-04-01 17:25:39] [ERR_69cd470304cc4] Call to undefined method Lt\Modules\MdLt\Services\LtRoute::name() on line 6 /home4/uxdri30e/public_html/abaj/packages/modules/MdCardDesign/Services/MdCardDesignRoutes.php
[2026-04-01 17:34:44] [ERR_69cd49240f58c] Class "Lt\Modules\MdCardDesign\Services\LtRoute" not found on line 6 /home4/uxdri30e/public_html/abaj/packages/modules/MdCardDesign/Services/MdCardDesignRoutes.php
[2026-04-01 17:35:23] [ERR_69cd494b17495] Call to undefined method Lt\Modules\MdLt\Services\LtRoute::name() on line 6 /home4/uxdri30e/public_html/abaj/packages/modules/MdCardDesign/Services/MdCardDesignRoutes.php
[2026-04-01 17:36:03] [ERR_69cd49738059b] Call to undefined method Lt\Modules\MdLt\Services\LtRoute::name() on line 6 /home4/uxdri30e/public_html/abaj/packages/modules/MdCardDesign/Services/MdCardDesignRoutes.php
[2026-04-01 17:43:02] [ERR_69cd4b162e0cc] Class "LtResponse" not found on line 44 /home4/uxdri30e/public_html/abaj/includes/connect2db.php(44) : eval()'d code(88) : eval()'d code(464) : eval()'d code
